// Jest Snapshot v1, https://goo.gl/fbAQLP

exports[`AsyncTransition when first child has been loaded and second child render with error rerenders with only first child 1`] = `
<div>
  <div>
    1
  </div>
</div>
`;

exports[`AsyncTransition when first child has been loaded and second children render success rerenders with second child 1`] = `
<div>
  <div>
    2
  </div>
</div>
`;

exports[`AsyncTransition when first child has been loaded and when change state rerenders two children 1`] = `
<div>
  <div>
    1
  </div>
  <div>
    2
  </div>
</div>
`;

exports[`AsyncTransition when first child has not been loaded and when change state rerenders only second child 1`] = `
<div>
  <div>
    2
  </div>
</div>
`;
