// Jest Snapshot v1, https://goo.gl/fbAQLP

exports[`DateTimePicker renders clear button 1`] = `
<span
  class="b"
>
  <div
    class="b__main"
  >
    <div
      class="react-flex react-date-field date react-date-field--theme-islands react-date-field--picker-position-bottom react-date-field--invalid react-flex-v2--align-items-center react-flex-v2--row react-flex-v2--display-inline-flex"
    >
      <span
        class="Textinput Textinput_view_default Textinput_size_m b__textinput"
      >
        <input
          aria-invalid="false"
          autocomplete="off"
          class="Textinput-Control"
          data-testid="TextInput"
          date="NaN"
          dateformat="DD.MM.YYYY"
          maxdate="253402214400000"
          mindate="-30610224000000"
          type="text"
          value=""
        />
        <span
          class="Textinput-Box"
        />
      </span>
      <div
        class="react-date-field__calendar-icon"
      >
        <div
          class="react-date-field__calendar-icon-inner"
        />
      </div>
    </div>
  </div>
</span>
`;
