// Jest Snapshot v1, https://goo.gl/fbAQLP

exports[`error (APP) => в приложении не должно быть рекламы 1`] = `
<div
  class="error error-page"
>
  <div
    class="error__icon error__icon_blocked"
  />
  <div
    class="error__title"
  >
    <span>
      Ссылка заблокирована
    </span>
  </div>
  <div
    class="error__description"
  >
    <span>
      Файл заблокирован за нарушение условий размещения пользовательского контента на сервисах Яндекса.
    </span>
  </div>
</div>
`;
