// Jest Snapshot v1, https://goo.gl/fbAQLP

exports[`audio-player 1`] = `
<div
  class="audio-player audio-player_preload audio-player_can-play audio-player_theme_light"
>
  <div
    class="audio-player__resource"
  >
    <ufo-rocks_resource-icon
      cls="audio-player__resource-icon"
      mediatype="audio"
      shadow="true"
      size="l"
    />
    <lego-components_button
      classname="audio-player__play-pause-button"
      pin="circle-circle"
      size="xxl"
      view="dark"
    />
  </div>
  <div
    class="resource-name audio-player__resource-name"
  >
    audio-resource.mp3
  </div>
  <div
    class="audio-player__time-line"
  >
    <div
      class="audio-player__time audio-player__time_current"
    >
      00:00
    </div>
    <div
      class="audio-player__progress"
    >
      <div
        class="audio-player__progress-percent"
        style="width: 0.00%;"
      />
    </div>
    <div
      class="audio-player__time audio-player__time_duration"
    />
  </div>
</div>
`;
