// Jest Snapshot v1, https://goo.gl/fbAQLP

exports[`LiteConfirmationsItem snapshot 1`] = `
<div>
  <p>
    <strong>
      Комментарий к предложению: 
    </strong>
    testestest
  </p>
  <p>
    <strong>
      Дата создания: 
    </strong>
    <FormatDate
      value={1600942535000}
    />
    ; 
    3.9 дн.
     назад
  </p>
  <p>
    <strong>
      Автор: 
    </strong>
    <Link
      href="http://localhost/#/clients/6c5e1925-f4fd-4fee-a56c-39170b63a475/info"
    >
      akavaleva
    </Link>
  </p>
  <p>
    <div>
      Добавлены роли:
    </div>
    —
    <div>
      Удалены роли:
    </div>
    —
    <div>
      Добавлены экшены:
    </div>
    —
    <div>
      Удалены экшены:
    </div>
    —
  </p>
  <div>
    <table>
      <caption>
        Изменения:
      </caption>
      <tbody>
        <tr>
          <td>
            <Link
              onClick={[Function]}
            >
              Показать все (осталось 
              2
              )
            </Link>
          </td>
        </tr>
      </tbody>
    </table>
  </div>
  <div>
    <Button
      colorType="positive"
      disabled={false}
      onClick={[Function]}
    >
      Принять предложение
    </Button>
    <Button
      colorType="negative"
      disabled={false}
      onClick={[Function]}
    >
      Отклонить предложение
    </Button>
  </div>
</div>
`;

exports[`LiteConfirmationsItem snapshot with long diff 1`] = `
<div>
  <p>
    <strong>
      Комментарий к предложению: 
    </strong>
    testestest
  </p>
  <p>
    <strong>
      Дата создания: 
    </strong>
    <FormatDate
      value={1600942535000}
    />
    ; 
    3.9 дн.
     назад
  </p>
  <p>
    <strong>
      Автор: 
    </strong>
    <Link
      href="http://localhost/#/clients/6c5e1925-f4fd-4fee-a56c-39170b63a475/info"
    >
      akavaleva
    </Link>
  </p>
  <p>
    <div>
      Добавлены роли:
    </div>
    —
    <div>
      Удалены роли:
    </div>
    —
    <div>
      Добавлены экшены:
    </div>
    —
    <div>
      Удалены экшены:
    </div>
    —
  </p>
  <div>
    <table>
      <caption>
        Изменения:
      </caption>
      <tbody>
        <tr>
          <td>
            <Link
              onClick={[Function]}
            >
              Показать все (осталось 
              20
              )
            </Link>
          </td>
        </tr>
      </tbody>
    </table>
  </div>
  <div>
    <Button
      colorType="positive"
      disabled={false}
      onClick={[Function]}
    >
      Принять предложение
    </Button>
    <Button
      colorType="negative"
      disabled={false}
      onClick={[Function]}
    >
      Отклонить предложение
    </Button>
  </div>
</div>
`;
