// Jest Snapshot v1, https://goo.gl/fbAQLP

exports[`src/components/dialogs/note-delete-confirmation-dialog should call metrika on dialog cancel/close 1`] = `
<lego-components_modal
  classname="dialog confirmation-dialog note-delete-confirmation-dialog"
  theme="normal"
  visible="true"
>
  <div
    class="dialog__wrap"
  >
    <lego-components_button
      classname="dialog__close"
      size="s"
      view="clear"
    />
    <div
      class="dialog__body"
    >
      <div
        class="confirmation-dialog__content"
      >
        <div
          class="note-delete-confirmation-dialog__text"
        >
          Вы точно хотите удалить заметку? После этого её нельзя будет восстановить.
        </div>
      </div>
      <div
        class="confirmation-dialog__footer"
      >
        <lego-components_button
          classname="confirmation-dialog__button confirmation-dialog__button_cancel "
          size="m"
          view="default"
        >
          Отменить
        </lego-components_button>
        <lego-components_button
          classname="confirmation-dialog__button confirmation-dialog__button_submit "
          size="m"
          view="action"
        >
          Удалить
        </lego-components_button>
      </div>
    </div>
  </div>
</lego-components_modal>
`;
