// Jest Snapshot v1, https://goo.gl/fbAQLP

exports[`response-formatter Соответствует snapshot 1`] = `
Array [
  Array [
    "requests_summ",
    3,
  ],
  Array [
    "request_time_hgram",
    Array [
      Array [
        0,
        0,
      ],
      Array [
        1,
        0,
      ],
      Array [
        2,
        0,
      ],
      Array [
        3,
        0,
      ],
      Array [
        4,
        0,
      ],
      Array [
        5,
        0,
      ],
      Array [
        6,
        0,
      ],
      Array [
        7,
        0,
      ],
      Array [
        8,
        0,
      ],
      Array [
        9,
        0,
      ],
      Array [
        10,
        0,
      ],
      Array [
        12,
        0,
      ],
      Array [
        15,
        0,
      ],
      Array [
        17,
        0,
      ],
      Array [
        20,
        0,
      ],
      Array [
        25,
        0,
      ],
      Array [
        30,
        0,
      ],
      Array [
        35,
        0,
      ],
      Array [
        40,
        0,
      ],
      Array [
        45,
        0,
      ],
      Array [
        50,
        1,
      ],
      Array [
        60,
        0,
      ],
      Array [
        70,
        1,
      ],
      Array [
        80,
        0,
      ],
      Array [
        90,
        0,
      ],
      Array [
        100,
        1,
      ],
      Array [
        125,
        0,
      ],
      Array [
        150,
        0,
      ],
      Array [
        175,
        0,
      ],
      Array [
        200,
        0,
      ],
      Array [
        225,
        0,
      ],
      Array [
        250,
        0,
      ],
      Array [
        275,
        0,
      ],
      Array [
        300,
        0,
      ],
      Array [
        400,
        0,
      ],
      Array [
        500,
        0,
      ],
      Array [
        750,
        0,
      ],
      Array [
        1000,
        0,
      ],
      Array [
        2000,
        0,
      ],
      Array [
        3000,
        0,
      ],
    ],
  ],
  Array [
    "upstream_connect_time_hgram",
    Array [
      Array [
        0,
        2,
      ],
      Array [
        1,
        0,
      ],
      Array [
        2,
        0,
      ],
      Array [
        3,
        0,
      ],
      Array [
        4,
        1,
      ],
      Array [
        5,
        0,
      ],
      Array [
        6,
        0,
      ],
      Array [
        7,
        0,
      ],
      Array [
        8,
        0,
      ],
      Array [
        9,
        0,
      ],
      Array [
        10,
        0,
      ],
      Array [
        12,
        0,
      ],
      Array [
        15,
        0,
      ],
      Array [
        17,
        0,
      ],
      Array [
        20,
        0,
      ],
      Array [
        25,
        0,
      ],
      Array [
        30,
        0,
      ],
      Array [
        35,
        0,
      ],
      Array [
        40,
        0,
      ],
      Array [
        45,
        0,
      ],
      Array [
        50,
        0,
      ],
      Array [
        60,
        0,
      ],
      Array [
        70,
        0,
      ],
      Array [
        80,
        0,
      ],
      Array [
        90,
        0,
      ],
      Array [
        100,
        0,
      ],
      Array [
        125,
        0,
      ],
      Array [
        150,
        0,
      ],
      Array [
        175,
        0,
      ],
      Array [
        200,
        0,
      ],
      Array [
        225,
        0,
      ],
      Array [
        250,
        0,
      ],
      Array [
        275,
        0,
      ],
      Array [
        300,
        0,
      ],
      Array [
        400,
        0,
      ],
      Array [
        500,
        0,
      ],
      Array [
        750,
        0,
      ],
      Array [
        1000,
        0,
      ],
      Array [
        2000,
        0,
      ],
      Array [
        3000,
        0,
      ],
    ],
  ],
  Array [
    "2xx_summ",
    3,
  ],
  Array [
    "3xx_summ",
    0,
  ],
  Array [
    "4xx_summ",
    0,
  ],
  Array [
    "5xx_summ",
    0,
  ],
]
`;
