// Jest Snapshot v1, https://goo.gl/fbAQLP

exports[`AbcSortableList Should render sortable list 1`] = `
<div
  className="abc-sortable-list"
  data-lego="react"
  style={Object {}}
>
  <Connect(Droppable)
    direction="vertical"
    droppableId="test"
    ignoreContainerClipping={false}
    isCombineEnabled={false}
    isDropDisabled={false}
    type="DEFAULT"
  >
    <Component />
  </Connect(Droppable)>
</div>
`;
