// Jest Snapshot v1, https://goo.gl/fbAQLP

exports[`AbcResourceTags Should render resource tags with add controls 1`] = `
<abc-resource-tags
  maxCount={Infinity}
  role="add"
  tags={
    Array [
      Object {
        "name": Object {
          "ru": "tag_name",
        },
        "slug": "tag_slug",
      },
    ]
  }
>
  <div
    className="ta-component abc-resource-tags abc-resource-tags_role_add"
    data-lego="react"
    style={Object {}}
  >
    <abc-resource-tags__tag
      key="tag_slug"
    >
      <div
        className="ta-component abc-resource-tags__tag"
        data-lego="react"
        style={Object {}}
      >
        <abc-resource-tag
          role="add"
          tag={
            Object {
              "name": Object {
                "ru": "tag_name",
              },
              "slug": "tag_slug",
            }
          }
        >
          <div
            className="ta-component abc-resource-tag abc-resource-tag_role_add"
            data-lego="react"
            style={Object {}}
          >
            <button2
              key="button"
              onClick={[Function]}
              size="xs"
              tabIndex={0}
              theme="clear"
              view="classic"
            >
              <button
                aria-disabled="false"
                aria-pressed="false"
                autoComplete="off"
                className="control button2 button2_view_classic button2_size_xs button2_theme_clear"
                data-lego="react"
                onBlur={[Function]}
                onClick={[Function]}
                onFocus={[Function]}
                onKeyDown={[Function]}
                onKeyPress={[Function]}
                onKeyUp={[Function]}
                onMouseDown={[Function]}
                onMouseEnter={[Function]}
                onMouseLeave={[Function]}
                onMouseUp={[Function]}
                style={Object {}}
                tabIndex={0}
                type="button"
              >
                <button2__icon
                  key="icon-right"
                  side="right"
                  size="xs"
                >
                  <icon
                    glyph="type-cross"
                    key="icon"
                    mix={
                      Array [
                        Object {
                          "block": "abc-resource-tag",
                          "elem": "add",
                          "mods": Object {},
                        },
                        Object {
                          "block": "button2",
                          "elem": "icon",
                          "mods": Object {
                            "side": "right",
                          },
                        },
                      ]
                    }
                    size="xs"
                  >
                    <span
                      className="icon icon_glyph_type-cross icon_size_xs icon_has-glyph_yes abc-resource-tag__add button2__icon button2__icon_side_right"
                      data-lego="react"
                      style={Object {}}
                    >
                      <svg
                        focusable="false"
                        height="0"
                        viewBox="0 0 10 10"
                        width="0"
                        xmlns="http://www.w3.org/2000/svg"
                      >
                        <polygon
                          points="10,0.7 9.3,0 5,4.3 0.7,0 0,0.7 4.3,5 0,9.3 0.7,10 5,5.7 9.3,10 10,9.3 5.7,5"
                        />
                      </svg>
                    </span>
                  </icon>
                </button2__icon>
                <button2__text
                  key="text"
                >
                  <span
                    className="button2__text"
                    data-lego="react"
                    style={Object {}}
                  >
                    <abc-resource-tag__text
                      key="text"
                    >
                      <div
                        className="ta-component abc-resource-tag__text"
                        data-lego="react"
                        style={Object {}}
                      >
                        tag_name
                      </div>
                    </abc-resource-tag__text>
                  </span>
                </button2__text>
              </button>
            </button2>
          </div>
        </abc-resource-tag>
      </div>
    </abc-resource-tags__tag>
  </div>
</abc-resource-tags>
`;
