// Jest Snapshot v1, https://goo.gl/fbAQLP

exports[`Choice_type_staff Should render simple component 1`] = `
<div
  className="Choice Choice_type_staff Choice_disabled"
  title="Test Title"
>
  <SimpleComposeWrapper [size:m|s]
    className="Choice-Avatar"
    lodpiUrl="//center.yandex-team.ru/api/v1/user/testlogin/avatar/100.jpg"
  >
    <RegistryResolver(UserPic)
      className="UserPic Choice-Avatar"
      lodpiUrl="//center.yandex-team.ru/api/v1/user/testlogin/avatar/100.jpg"
    >
      <WithBemMod(UserPic)[hasCamera:true]
        className="UserPic Choice-Avatar"
        lodpiUrl="//center.yandex-team.ru/api/v1/user/testlogin/avatar/100.jpg"
      >
        <RegistryResolver(UserPic)
          className="UserPic Choice-Avatar"
          lodpiUrl="//center.yandex-team.ru/api/v1/user/testlogin/avatar/100.jpg"
        >
          <UserPic
            className="UserPic Choice-Avatar"
            lodpiUrl="//center.yandex-team.ru/api/v1/user/testlogin/avatar/100.jpg"
          >
            <div
              className="UserPic Choice-Avatar"
            >
              <img
                className="UserPic-Image"
                src="//center.yandex-team.ru/api/v1/user/testlogin/avatar/100.jpg"
              />
            </div>
          </UserPic>
        </RegistryResolver(UserPic)>
      </WithBemMod(UserPic)[hasCamera:true]>
    </RegistryResolver(UserPic)>
  </SimpleComposeWrapper [size:m|s]>
  <div
    className="Choice-Description"
  >
    <span
      className="Choice-Name"
    >
      Test Title
      ,
    </span>
    <span
      className="Choice-Login"
    >
      testlogin
      @
    </span>
    <span
      className="Choice-Department"
    />
  </div>
</div>
`;
