// Jest Snapshot v1, https://goo.gl/fbAQLP

exports[`UI/FullScreen should render closed FullScreen window 1`] = `
<ErrorBoundary
  dataValues={Object {}}
/>
`;

exports[`UI/FullScreen should render open FullScreen window 1`] = `
<ErrorBoundary
  dataValues={Object {}}
>
  <SimpleComposeWrapper [theme:normal]
    onClose={[Function]}
    theme="normal"
    visible={true}
    zIndex={100}
  >
    <div
      className="fullscreenModal"
    >
      content
    </div>
  </SimpleComposeWrapper [theme:normal]>
</ErrorBoundary>
`;
