// Jest Snapshot v1, https://goo.gl/fbAQLP

exports[`Icon Should render flag icon 1`] = `
<icon
  glyph="type-flag"
>
  <span
    className="icon icon_glyph_type-flag icon_has-glyph_yes"
    data-lego="react"
    style={Object {}}
  >
    <svg
      height="16"
      width="16"
      xmlns="http://www.w3.org/2000/svg"
    >
      <path
        d="M4 9v5H3V3h10l-2 3 2 3H4z"
        fill="#FF2603"
      />
    </svg>
  </span>
</icon>
`;
