// Jest Snapshot v1, https://goo.gl/fbAQLP

exports[`Icon Should render thumbs-up icon 1`] = `
<icon
  glyph="thumbs-up"
>
  <span
    className="icon icon_glyph_thumbs-up icon_has-glyph_yes"
    data-lego="react"
    style={Object {}}
  >
    <awesome-icon
      icon="thumbs-up"
    >
      <span
        className="ta-component awesome-icon awesome-icon_icon_thumbs-up"
        data-lego="react"
        style={Object {}}
      />
    </awesome-icon>
  </span>
</icon>
`;
