// Jest Snapshot v1, https://goo.gl/fbAQLP

exports[`IotValueWithUnit Должно корректно отрендериться безразмерная величина 1`] = `
<span
  className="iot-value-with-unit"
  dir="ltr"
>
  <span>
    123.456
  </span>
</span>
`;

exports[`IotValueWithUnit Должно корректно отрендериться значение в амперах 1`] = `
<span
  className="iot-value-with-unit"
  dir="ltr"
>
  <span>
    0.32
  </span>
   
  <span>
    <IotUnit
      unit="unit.ampere"
    />
  </span>
</span>
`;

exports[`IotValueWithUnit Должно корректно отрендериться значение в ваттах 1`] = `
<span
  className="iot-value-with-unit"
  dir="ltr"
>
  <span>
    1344.82
  </span>
   
  <span>
    <IotUnit
      unit="unit.watt"
    />
  </span>
</span>
`;

exports[`IotValueWithUnit Должно корректно отрендериться значение в вольтах 1`] = `
<span
  className="iot-value-with-unit"
  dir="ltr"
>
  <span>
    223.1
  </span>
   
  <span>
    <IotUnit
      unit="unit.volt"
    />
  </span>
</span>
`;

exports[`IotValueWithUnit Должно корректно отрендериться значение в градусах Цельсия 1`] = `
<span
  className="iot-value-with-unit"
  dir="ltr"
>
  <span>
    238.333
  </span>
  <span>
    <IotUnit
      unit="unit.temperature.celsius"
    />
  </span>
</span>
`;

exports[`IotValueWithUnit Должно корректно отрендериться значение в кельвинах 1`] = `
<span
  className="iot-value-with-unit"
  dir="ltr"
>
  <span>
    291.111
  </span>
   
  <span>
    <IotUnit
      unit="unit.temperature.kelvin"
    />
  </span>
</span>
`;

exports[`IotValueWithUnit Должно корректно отрендериться значение в процентах 1`] = `
<span
  className="iot-value-with-unit"
  dir="ltr"
>
  <span>
    89
  </span>
  <span>
    <IotUnit
      unit="unit.percent"
    />
  </span>
</span>
`;

exports[`IotValueWithUnit Должно корректно отрендериться частиц на миллион 1`] = `
<span
  className="iot-value-with-unit"
  dir="ltr"
>
  <span>
    2336
  </span>
   
  <span>
    <IotUnit
      unit="unit.ppm"
    />
  </span>
</span>
`;
