// Jest Snapshot v1, https://goo.gl/fbAQLP

exports[`serialize blocks correct 1`] = `
"**Жирный** _италик_ ___подчеркнуты___
~~_зачеркнуты_~~ [ссылка](https://someurl.ru) sss
\`код\`

  - список 1
  - список 2
  - список 3





   1. Номер список 1
   1. список 2




> цитата

\`\`\`
Какой то код
if (true) {
  console.log(true)
}
\`\`\`



"
`;
