// Jest Snapshot v1, https://goo.gl/fbAQLP

exports[`PerfectionServiceInfo default 1`] = `
<div
  className="PerfectionServiceInfo"
>
  <PerfectionStamp
    className="PerfectionServiceInfo-Stamp"
    openPerfectionDetailsModal={[Function]}
    serviceId={42}
  />
</div>
`;

exports[`PerfectionServiceInfo when service is deleted 1`] = `""`;
