// Jest Snapshot v1, https://goo.gl/fbAQLP

exports[`common selectors CampaignProviderResourcesById selector 1`] = `
Object {
  "nirvana": Object {
    "13": Object {
      "bigOrders": Array [
        786,
        787,
        788,
      ],
      "default": true,
      "defaultUnit": "CORES",
      "id": 13,
      "key": "cpu",
      "name": "CPU",
      "required": false,
      "segmentations": Array [
        Object {
          "id": 1,
          "segments": Array [
            9,
          ],
        },
      ],
      "type": "PROCESSOR",
      "units": Object {
        "propertiesByUnitKey": Object {
          "CORES": Object {
            "localizationKey": "nirvana.cpu.CORES",
            "name": "cores",
          },
        },
      },
    },
  },
  "sqs": Object {
    "304": Object {
      "bigOrders": Array [
        786,
        787,
        788,
      ],
      "default": true,
      "defaultUnit": "COUNT",
      "id": 304,
      "key": "write_capacity",
      "name": "Write throughput",
      "required": true,
      "type": "ENUMERABLE",
      "units": Object {
        "propertiesByUnitKey": Object {
          "COUNT": Object {
            "localizationKey": "sqs.write_capacity.COUNT",
            "name": "messages/second",
          },
        },
      },
    },
  },
  "yp": Object {
    "385": Object {
      "bigOrders": Array [
        786,
        787,
        788,
      ],
      "default": true,
      "defaultUnit": "MBPS",
      "id": 385,
      "key": "io_ssd",
      "name": "IO SSD",
      "required": false,
      "segmentations": Array [
        Object {
          "id": 1,
          "segments": Array [
            1,
            9,
            10,
          ],
        },
        Object {
          "id": 76,
          "segments": Array [
            132,
            133,
          ],
        },
      ],
      "type": "TRAFFIC",
      "units": Object {
        "propertiesByUnitKey": Object {
          "MBPS": Object {
            "localizationKey": "yp.io_ssd.MBPS",
            "name": "MB/s",
          },
        },
      },
    },
    "387": Object {
      "bigOrders": Array [
        786,
        787,
        788,
      ],
      "default": true,
      "defaultUnit": "CORES",
      "id": 387,
      "key": "cpu_segmented",
      "name": "CPU",
      "required": false,
      "segmentations": Array [
        Object {
          "id": 1,
          "segments": Array [
            1,
            9,
            10,
          ],
        },
        Object {
          "id": 76,
          "segments": Array [
            132,
            133,
          ],
        },
      ],
      "type": "PROCESSOR",
      "units": Object {
        "propertiesByUnitKey": Object {
          "CORES": Object {
            "localizationKey": "yp.cpu_segmented.CORES",
            "name": "cores",
          },
        },
      },
    },
    "389": Object {
      "bigOrders": Array [
        786,
        787,
        788,
      ],
      "default": true,
      "defaultUnit": "TEBIBYTE",
      "id": 389,
      "key": "hdd_segmented",
      "name": "HDD",
      "required": false,
      "segmentations": Array [
        Object {
          "id": 1,
          "segments": Array [
            1,
            9,
            10,
          ],
        },
        Object {
          "id": 76,
          "segments": Array [
            132,
            133,
          ],
        },
      ],
      "type": "STORAGE",
      "units": Object {
        "propertiesByUnitKey": Object {
          "GIBIBYTE": Object {
            "localizationKey": "yp.hdd_segmented.GIBIBYTE",
            "name": "GiB",
          },
          "MEBIBYTE": Object {
            "localizationKey": "yp.hdd_segmented.MEBIBYTE",
            "name": "MiB",
          },
          "TEBIBYTE": Object {
            "localizationKey": "yp.hdd_segmented.TEBIBYTE",
            "name": "TiB",
          },
        },
      },
    },
  },
}
`;

exports[`common selectors ProviderDefaultResources selector 1`] = `
Object {
  "nirvana": Object {
    "providerKey": "nirvana",
    "resources": Array [
      Object {
        "resourceKey": "cpu",
        "segments": Object {
          "1": "SAS",
        },
      },
    ],
  },
  "sqs": Object {
    "providerKey": "sqs",
    "resources": Array [
      Object {
        "resourceKey": "write_capacity",
        "segments": Object {},
      },
    ],
  },
  "yp": Object {
    "providerKey": "yp",
    "resources": Array [
      Object {
        "resourceKey": "cpu_segmented",
        "segments": Object {
          "1": "SAS",
          "76": "dev",
        },
      },
      Object {
        "resourceKey": "hdd_segmented",
        "segments": Object {
          "1": "VLA",
          "76": "default",
        },
      },
      Object {
        "resourceKey": "io_ssd",
        "segments": Object {},
      },
    ],
  },
}
`;

exports[`common selectors SegmentKeysBySegmentation selector 1`] = `
Object {
  "1": Object {
    "1": "VLA",
    "10": "MAN",
    "42": "MYT",
    "9": "SAS",
  },
  "76": Object {
    "132": "dev",
    "133": "default",
  },
}
`;
