// Jest Snapshot v1, https://goo.gl/fbAQLP

exports[`ShiftInterval Should render schedule edit shift actions 1`] = `
<div
  className="Duty2ScheduleEdit-ShiftInterval"
>
  <Memo()
    end={2010-02-10T00:00:00.000Z}
    endMidnightAsPrevDay={true}
    forceFullDate={true}
    includeTime={true}
    interval="dash"
    start={2010-02-01T00:00:00.000Z}
    zone="Europe/Moscow"
  />
</div>
`;
