// Jest Snapshot v1, https://goo.gl/fbAQLP

exports[`ShiftActions Should render schedule edit shift actions 1`] = `
<div
  className="DutyScheduleEdit-ShiftActions"
>
  <button2
    icon={
      Object {
        "mods": Object {
          "glyph": "pencil",
        },
      }
    }
    mix={
      Object {
        "block": "DutyScheduleEdit",
        "elem": "shift-actions-edit",
      }
    }
    onClick={[Function]}
    size="s"
    tabIndex={0}
    theme="clear"
    view="default"
  />
</div>
`;
