// Jest Snapshot v1, https://goo.gl/fbAQLP

exports[`ta-suggest-item_type_service Should render ta-suggest-item_type_service 1`] = `
<ta-suggest-item
  data={
    Object {
      "_type": "service",
      "name": Object {
        "ru": "TEST",
      },
    }
  }
  onClick={[Function]}
  onHover={[Function]}
>
  <div
    className="ta-component ta-suggest-item"
    data-lego="react"
    onClick={[Function]}
    onMouseEnter={[Function]}
    style={Object {}}
    title="TEST"
  >
    <ta-suggest-item__text
      key="txt"
    >
      <span
        className="ta-component ta-suggest-item__text"
        data-lego="react"
        style={Object {}}
      >
        <ta-suggest-item__name
          key="name"
        >
          <span
            className="ta-suggest-item__name"
            data-lego="react"
            style={Object {}}
          >
            TEST
          </span>
        </ta-suggest-item__name>
      </span>
    </ta-suggest-item__text>
  </div>
</ta-suggest-item>
`;
