// Jest Snapshot v1, https://goo.gl/fbAQLP

exports[`Wizard Should draw custom empty step component without current step 1`] = `
<main
  className="Wizard-Content"
>
  <EmptyStep>
    <div
      className="EmptyStep"
    />
  </EmptyStep>
</main>
`;

exports[`Wizard Should draw custom footer component 1`] = `
<div
  className="customFooter"
>
  Custom Footer
</div>
`;

exports[`Wizard Should draw custom step component 1`] = `
<main
  className="Wizard-Content"
>
  <form
    className="Wizard-Form"
    onSubmit={[MockFunction]}
  >
    <header
      className="Wizard-StepHeader"
    >
      <Component>
        <h3
          className="Heading Heading_level_3"
        >
          Step2
        </h3>
      </Component>
    </header>
    <component
      availableSteps={
        Array [
          Object {
            "checkStepCondition": [Function],
            "component": [Function],
            "description": "Base description",
            "id": "id2",
            "order": 3,
            "title": "Step2",
            "validate": [Function],
          },
          Object {
            "checkStepCondition": [Function],
            "component": [Function],
            "description": "Base description",
            "id": "id4",
            "order": 8,
            "title": "Step4",
            "validate": [Function],
          },
        ]
      }
      className="Wizard-CurrentStep"
      errors={Object {}}
      finalErrors={Object {}}
      finalLoading={false}
      formData={Object {}}
      onStepChange={[MockFunction]}
      setFormData={[MockFunction]}
      stepData={Object {}}
      stepEntities={
        Array [
          Object {
            "checkStepCondition": [Function],
            "component": [Function],
            "description": "Base description",
            "id": "id1",
            "title": "Step1",
            "validate": [Function],
          },
          Object {
            "checkStepCondition": [Function],
            "component": [Function],
            "description": "Base description",
            "id": "id2",
            "title": "Step2",
            "validate": [Function],
          },
          Object {
            "checkStepCondition": [Function],
            "component": [Function],
            "description": "Base description",
            "id": "id3",
            "title": "Step3",
            "validate": [Function],
          },
          Object {
            "checkStepCondition": [Function],
            "component": [Function],
            "description": "Base description",
            "id": "id4",
            "title": "Step4",
            "validate": [Function],
          },
        ]
      }
      stepStates={Object {}}
      visitStep={[MockFunction]}
      visitedSteps={Set {}}
    >
      <MockStep
        name="base"
      >
        <div
          className="MockStep"
        >
          base
        </div>
      </MockStep>
    </component>
    <Footer
      finalLoading={false}
      isCurrentStepTheFirst={false}
      isCurrentStepTheLast={false}
      noBackButton={false}
      noCancelButton={false}
      onNext={[MockFunction]}
      onSubmit={[MockFunction]}
    >
      <div
        className="mockWizardFooter"
      />
    </Footer>
  </form>
</main>
`;
