// Jest Snapshot v1, https://goo.gl/fbAQLP

exports[`Radio button should render properly (checked) 1`] = `
<Component
  groupId="1"
  id="1"
  onSelect={[Function]}
  selectedValue="test"
  value="test"
>
  <span
    className="radioColor_primary"
  >
    <input
      checked={true}
      className="radio"
      id="1"
      name="1"
      onChange={[Function]}
      type="radio"
      value="test"
    />
    <label
      className="radioLabel"
      htmlFor="1"
    >
      <icon-mock
        className="radioBorder"
      />
      <icon-mock
        className="radioChecked"
      />
      <span>
        Test
      </span>
    </label>
  </span>
</Component>
`;

exports[`Radio button should render properly (unchecked) 1`] = `
<Component
  groupId="2"
  id="2"
  onSelect={[Function]}
  selectedValue="1"
  value="test"
>
  <span
    className="radioColor_primary"
  >
    <input
      checked={false}
      className="radio"
      id="2"
      name="2"
      onChange={[Function]}
      type="radio"
      value="test"
    />
    <label
      className="radioLabel"
      htmlFor="2"
    >
      <icon-mock
        className="radioBorder"
      />
      <icon-mock
        className="radioChecked"
      />
      <span>
        Test 2
      </span>
    </label>
  </span>
</Component>
`;
