// Jest Snapshot v1, https://goo.gl/fbAQLP

exports[`Feed List Item Tests Important item 1`] = `
<div
  className="feed_item_component other_message   important_chat "
  style={Object {}}
>
  <div
    className="date"
  >
    <FormatDate
      value={1600348110450000}
    />
  </div>
  <div
    className="left_bar"
  />
  <div
    className="right_bar"
  />
  <div
    className="client"
  >
    Кулинчик Анастасия Игоревна
  </div>
  <div
    className="message"
  />
  <Memo()
    performerUserName="—"
  />
  <div
    className="operator_name"
  >
    —
  </div>
</div>
`;

exports[`Feed List Item Tests Not important item 1`] = `
<div
  className="feed_item_component other_message    "
  style={Object {}}
>
  <div
    className="date"
  >
    <FormatDate
      value={1600348110450000}
    />
  </div>
  <div
    className="left_bar"
  />
  <div
    className="right_bar"
  />
  <div
    className="client"
  >
    Кулинчик Анастасия Игоревна
  </div>
  <div
    className="message"
  />
  <Memo()
    performerUserName="—"
  />
  <div
    className="operator_name"
  >
    —
  </div>
</div>
`;

exports[`Feed List Item Tests Not originator last message 1`] = `
<div
  className="feed_item_component other_message  without_performer  "
  style={Object {}}
>
  <div
    className="date"
  >
    <FormatDate
      value={1600348110450000}
    />
  </div>
  <div
    className="left_bar"
  />
  <div
    className="right_bar"
  />
  <div
    className="client"
  >
    Кулинчик Анастасия Игоревна
  </div>
  <div
    className="message"
  />
  <Memo() />
  <div
    className="operator_name"
  />
</div>
`;

exports[`Feed List Item Tests Not selected item snapshot 1`] = `
<div
  className="feed_item_component other_message  without_performer  "
  style={Object {}}
>
  <div
    className="date"
  >
    <FormatDate
      value={1600348110450000}
    />
  </div>
  <div
    className="left_bar"
  />
  <div
    className="right_bar"
  />
  <div
    className="client"
  >
    Кулинчик Анастасия Игоревна
  </div>
  <div
    className="message"
  />
  <Memo() />
  <div
    className="operator_name"
  />
</div>
`;

exports[`Feed List Item Tests Originator last message 1`] = `
<div
  className="feed_item_component other_message  without_performer  "
  style={Object {}}
>
  <div
    className="date"
  >
    <FormatDate
      value={1600348110450000}
    />
  </div>
  <div
    className="left_bar"
  />
  <div
    className="right_bar"
  />
  <div
    className="client"
  >
    Кулинчик Анастасия Игоревна
  </div>
  <div
    className="message"
  />
  <Memo() />
  <div
    className="operator_name"
  />
</div>
`;

exports[`Feed List Item Tests Selected item snapshot 1`] = `
<div
  className="feed_item_component other_message wrap_selected without_performer  "
  style={Object {}}
>
  <div
    className="selected"
  />
  <div
    className="date"
  >
    <FormatDate
      value={1600348110450000}
    />
  </div>
  <div
    className="left_bar"
  />
  <div
    className="right_bar"
  />
  <div
    className="client"
  >
    Кулинчик Анастасия Игоревна
  </div>
  <div
    className="message"
  />
  <Memo() />
  <div
    className="operator_name"
  />
</div>
`;

exports[`Feed List Item Tests With performer 1`] = `
<div
  className="feed_item_component other_message    "
  style={Object {}}
>
  <div
    className="date"
  >
    <FormatDate
      value={1600348110450000}
    />
  </div>
  <div
    className="left_bar"
  />
  <div
    className="right_bar"
  />
  <div
    className="client"
  >
    Кулинчик Анастасия Игоревна
  </div>
  <div
    className="message"
  />
  <Memo()
    performerUserName="—"
  />
  <div
    className="operator_name"
  >
    —
  </div>
</div>
`;

exports[`Feed List Item Tests Without performer 1`] = `
<div
  className="feed_item_component other_message  without_performer  "
  style={Object {}}
>
  <div
    className="date"
  >
    <FormatDate
      value={1600348110450000}
    />
  </div>
  <div
    className="left_bar"
  />
  <div
    className="right_bar"
  />
  <div
    className="client"
  >
    Кулинчик Анастасия Игоревна
  </div>
  <div
    className="message"
  />
  <Memo() />
  <div
    className="operator_name"
  />
</div>
`;

exports[`Feed List Item Tests Without stats 1`] = `
<div
  className="feed_item_component other_message  without_performer  "
  style={Object {}}
>
  <div
    className="date"
  >
    <FormatDate
      value={1600348110450000}
    />
  </div>
  <div
    className="left_bar"
  />
  <div
    className="right_bar"
  />
  <div
    className="client"
  >
    Кулинчик Анастасия Игоревна
  </div>
  <div
    className="message"
  />
  <Memo() />
  <div
    className="operator_name"
  />
</div>
`;
