// Jest Snapshot v1, https://goo.gl/fbAQLP

exports[`Button Should render Button component Should render negative Button component 1`] = `
<button
  className="button primary"
  onClick={[Function]}
>
  <span
    className=""
  >
    title
  </span>
</button>
`;

exports[`Button Should render Button component Should render positive Button component 1`] = `
<button
  className="button primary"
  onClick={[Function]}
>
  <span
    className=""
  >
    title
  </span>
</button>
`;

exports[`Button Should render Button component Should render simple Button component 1`] = `
<button
  className="button primary"
  onClick={[Function]}
>
  <span
    className=""
  >
    title
  </span>
</button>
`;

exports[`Button Should render Button component Should render simple basic Button component 1`] = `
<button
  className="button primary basic"
  onClick={[Function]}
>
  <span
    className=""
  >
    title
  </span>
</button>
`;

exports[`Button Should render Button component Should render simple custom className Button component 1`] = `
<button
  className="button primary custom_class_name"
  onClick={[Function]}
>
  <span
    className=""
  >
    title
  </span>
</button>
`;

exports[`Button Should render Button component Should render simple disabled Button component 1`] = `
<button
  className="button primary disabled"
  onClick={[Function]}
>
  <span
    className=""
  >
    title
  </span>
</button>
`;

exports[`Button Should render Button component Should render simple loading Button component 1`] = `
<button
  className="button primary loading_button"
  onClick={[Function]}
>
  <span
    className="title_loading"
  >
    title
  </span>
  <div
    className="spin_container"
  >
    <Spin
      className="spin"
      size="x"
    />
  </div>
</button>
`;

exports[`Button Should render Button component Should render warning Button component 1`] = `
<button
  className="button primary"
  onClick={[Function]}
>
  <span
    className=""
  >
    title
  </span>
</button>
`;
