// Jest Snapshot v1, https://goo.gl/fbAQLP

exports[`Button with icon should match snapshot 1`] = `
<Component
  icon="phone"
  text="Test"
>
  <Button>
    <button
      className="button primary"
      onClick={[Function]}
    >
      <span
        className=""
      >
        <span
          className="webphoneButton"
        >
          <icon-mock
            className="webphoneButton_icon "
          />
          <span
            className="webphoneButton_text"
          >
            Test
          </span>
        </span>
      </span>
    </button>
  </Button>
</Component>
`;
