alcohol
autobroker_enabled
blue_status
business_id
business_metrika_counter_id
business_name
cis
click_and_collect
client_id
cpa
cpc
cut_price
datafeed_id
datasource_name
delivery_services
delivery_src
direct_shipping
domain
dynamic_pricing_max_percent
ff_program
ff_virtual
ff_virtual_id
from_market
home_region
ignore_stocks
is_alive
is_cpa20
is_cpa_partner
is_cpa_prior
is_discounts_enabled
is_enabled
is_offline
is_online
is_push_partner
is_supplier
is_tested
local_region_tz_offset
loyalty_program_status
phone_display_options
prefix
prepay_enabled
prepay_requires_vat
price_scheme
priority_region_original
priority_regions
promo_cpc_status
regions
sells_medicine
sells_jewelry
sells_on_demand
shop_currency
shop_delivery_currency
shop_id
shop_logo_info
shop_logo_retina_url
shop_logo_url
shopname
show_premium
subsidies
supplier_type
tariff
tax_system
united_catalog_status
urlforlog
vat
vat_source
warehouse_id
work_schedule
yclid_disabled
medicine_courier
vertical_share
is_site_market
prescription_management_system
medicine_license
medical_booking
unboxing_allowed
is_self_employed
b2b_seller
b2c_seller
