// Jest Snapshot v1, https://goo.gl/fbAQLP

exports[`Footer snapshot 1`] = `
<footer
  className="footer footer"
>
  <a
    className="link"
    href="url"
    rel="noopener noreferrer"
    target="_blank"
  />
  <a
    className="link"
    href="url"
    rel="noopener noreferrer"
    target="_blank"
  >
     
  </a>
  <span
    className="copyright"
  />
  <button
    className="button"
    onClick={[Function]}
    type="button"
  />
</footer>
`;
