// Jest Snapshot v1, https://goo.gl/fbAQLP

exports[`Create resource popup with anchor  opens and closes 1`] = `
<span
  class="create-resource-popup-with-anchor"
>
  <lego-components_button
    size="m"
    view="raised"
    width="max"
  >
    Создать
  </lego-components_button>
</span>
`;

exports[`Create resource popup with anchor  opens and closes 2`] = `
<span
  class="create-resource-popup-with-anchor"
>
  <lego-components_button
    size="m"
    view="raised"
    width="max"
  >
    Создать
  </lego-components_button>
</span>
`;

exports[`Create resource popup with anchor  renders with office allowed and listing context 1`] = `
<span
  class="create-resource-popup-with-anchor"
>
  <lego-components_button
    size="m"
    view="raised"
    width="max"
  >
    Создать
  </lego-components_button>
</span>
`;

exports[`Create resource popup with anchor  renders without office and feed context 1`] = `
<span
  class="create-resource-popup-with-anchor"
>
  <lego-components_button
    size="m"
    view="raised"
    width="max"
  >
    Создать
  </lego-components_button>
</span>
`;
