// Jest Snapshot v1, https://goo.gl/fbAQLP

exports[`B2cBanner Показываем баннер, если длительность показа удовлетворительная. Но при этом "помечаем" дату первого показа баннера, если еще не 1`] = `
<Provider
  store={
    Object {
      "dispatch": [Function],
      "getState": [Function],
      "replaceReducer": [Function],
      "subscribe": [Function],
      Symbol(observable): [Function],
    }
  }
>
  <Connect(B2cBanner)>
    <B2cBanner
      hasServerTimeFromGetParameter={false}
      isNeedToResetB2cBannerShowDuration={false}
      saveSettings={[Function]}
      serverTime={1622149199000}
      timestampLastB2CBannerShow="1622062799000"
    >
      <PromoBanner
        cls={
          BemNamingEntity {
            "entity": Object {
              "block": "b2c-1-banner",
            },
            "entityMixes": Array [],
            "entityMods": Object {},
            "naming": Object {
              "stringify": [Function],
            },
          }
        }
        onClose={[Function]}
      >
        <div
          className={
            BemNamingEntity {
              "entity": Object {
                "block": "promo-banner",
              },
              "entityMixes": Array [
                BemNamingEntity {
                  "entity": Object {
                    "block": "b2c-1-banner",
                  },
                  "entityMixes": Array [],
                  "entityMods": Object {},
                  "naming": Object {
                    "stringify": [Function],
                  },
                },
                "prevent-custom-context-menu",
                "js-prevent-mouse-selection",
              ],
              "entityMods": Object {},
              "naming": Object {
                "stringify": [Function],
              },
            }
          }
        >
          <Button
            aria-label="Закрыть"
            className={
              BemNamingEntity {
                "entity": Object {
                  "block": "promo-banner",
                  "elem": "close",
                },
                "entityMixes": Array [],
                "entityMods": Object {},
                "naming": Object {
                  "stringify": [Function],
                },
              }
            }
            icon={[Function]}
            onClick={[Function]}
            view="clear"
          >
            <lego-components_button
              aria-label="Закрыть"
              className={
                BemNamingEntity {
                  "entity": Object {
                    "block": "promo-banner",
                    "elem": "close",
                  },
                  "entityMixes": Array [],
                  "entityMods": Object {},
                  "naming": Object {
                    "stringify": [Function],
                  },
                }
              }
              icon={[Function]}
              onClick={[Function]}
              view="clear"
            />
          </Button>
          <div
            className={
              BemNamingEntity {
                "entity": Object {
                  "block": "b2c-1-banner",
                  "elem": "background",
                },
                "entityMixes": Array [],
                "entityMods": Object {},
                "naming": Object {
                  "stringify": [Function],
                },
              }
            }
          />
          <div
            className={
              BemNamingEntity {
                "entity": Object {
                  "block": "b2c-1-banner",
                  "elem": "right-block",
                },
                "entityMixes": Array [],
                "entityMods": Object {},
                "naming": Object {
                  "stringify": [Function],
                },
              }
            }
          >
            <h3
              className={
                BemNamingEntity {
                  "entity": Object {
                    "block": "b2c-1-banner",
                    "elem": "header",
                  },
                  "entityMixes": Array [],
                  "entityMods": Object {},
                  "naming": Object {
                    "stringify": [Function],
                  },
                }
              }
            >
              Дополнительно 1 ТБ на Диске
            </h3>
            <p
              className={
                BemNamingEntity {
                  "entity": Object {
                    "block": "b2c-1-banner",
                    "elem": "description",
                  },
                  "entityMixes": Array [],
                  "entityMods": Object {},
                  "naming": Object {
                    "stringify": [Function],
                  },
                }
              }
            >
              Храните еще больше фото, видео и документов на Яндекс.Диске с подпиской на Яндекс 360
            </p>
            <Button
              className={
                BemNamingEntity {
                  "entity": Object {
                    "block": "b2c-1-banner",
                    "elem": "button",
                  },
                  "entityMixes": Array [],
                  "entityMods": Object {},
                  "naming": Object {
                    "stringify": [Function],
                  },
                }
              }
              onClick={[Function]}
              size="m"
              target="_blank"
              type="link"
              url="https://mail360.yandex.ru/?utm_source=disk&utm_medium=morda&utm_campaign=top_banner&utm_content=360_subscription&utm_term=30_space_left"
              view="action"
            >
              <lego-components_button
                className={
                  BemNamingEntity {
                    "entity": Object {
                      "block": "b2c-1-banner",
                      "elem": "button",
                    },
                    "entityMixes": Array [],
                    "entityMods": Object {},
                    "naming": Object {
                      "stringify": [Function],
                    },
                  }
                }
                onClick={[Function]}
                size="m"
                target="_blank"
                type="link"
                url="https://mail360.yandex.ru/?utm_source=disk&utm_medium=morda&utm_campaign=top_banner&utm_content=360_subscription&utm_term=30_space_left"
                view="action"
              >
                Добавить место
              </lego-components_button>
            </Button>
          </div>
        </div>
      </PromoBanner>
    </B2cBanner>
  </Connect(B2cBanner)>
</Provider>
`;
