// Jest Snapshot v1, https://goo.gl/fbAQLP

exports[`Notification list empty 1`] = `"<div class=\\"gnc-notification-list gnc-notification-list_empty\\"><div class=\\"gnc-notification-list__message\\"><div class=\\"gnc-notification-list__message-title\\">Здесь будут<br>ваши уведомления</div><div class=\\"gnc-notification-list__message-content\\">о комментариях, лайках и отзывах в&nbsp;<a class=\\"gnc-link\\" href=\\"https://yandex.ru/collections/\\" target=\\"_blank\\">Коллекциях,</a>&nbsp;<a class=\\"gnc-link\\" href=\\"https://zen.yandex.ru/\\" target=\\"_blank\\">Дзене,</a>&nbsp;<a class=\\"gnc-link\\" href=\\"https://local.yandex.ru/\\" target=\\"_blank\\">Районе</a>&nbsp;и других сервисах Яндекса</div></div></div>"`;

exports[`Notification list render 60 notifications from 21 services, ExpandButton is visible 1`] = `"<div class=\\"gnc-expand-button gnc-notifications-item-wrapper gnc-notifications-item-wrapper_not-viewed\\"><div class=\\"gnc-notifications-item-wrapper__inner\\"><div class=\\"gnc-expand-button__content\\"><span class=\\"gnc-expand-button__text\\"><span>Все уведомления</span></span></div></div></div>"`;

exports[`Notification list render viewed 60 notifications from 21 services, ExpandButton is visible, no unreaded notifications 1`] = `"<div class=\\"gnc-expand-button gnc-notifications-item-wrapper\\"><div class=\\"gnc-notifications-item-wrapper__inner\\"><div class=\\"gnc-expand-button__content\\"><span class=\\"gnc-expand-button__text\\"><span>Все уведомления</span></span></div></div></div>"`;
