// Jest Snapshot v1, https://goo.gl/fbAQLP

exports[`CoverLayer hydration should hydrate image 1`] = `
<div>
  <style>
      .imageContent__1njb2f {  top:0;  left: 0;  pointer-events: none;  }  .imageSource__1njb2f {  width: 100%;  height: 100%;  object-fit: cover;  object-position: top center;  }
  </style>
  <picture
    aria-hidden="true"
    class="imageContent__1njb2f fixed"
  >
    <img
      alt=""
      class="imageSource__1njb2f"
      src="https://example.org/img.jpg"
    />
  </picture>
</div>
`;

exports[`CoverLayer hydration should hydrate image 2`] = `
<div>
  <style>
      .imageContent__1njb2f {  top:0;  left: 0;  pointer-events: none;  }  .imageSource__1njb2f {  width: 100%;  height: 100%;  object-fit: cover;  object-position: top center;  }
  </style>
  <picture
    aria-hidden="true"
    class="imageContent__1njb2f fixed"
  >
    <img
      alt=""
      class="imageSource__1njb2f"
      src="https://example.org/img.jpg"
    />
  </picture>
</div>
`;

exports[`CoverLayer hydration should hydrate video 1`] = `
<div>
  <style>
      .videoContent__1njb2f {  top: 0;  left: 0;  pointer-events: none;  object-fit: cover;  object-position: top center;  }  .videoContent__1njb2f::-webkit-media-controls {  display: none;  }
  </style>
  <video
    aria-hidden="true"
    autoplay=""
    class="videoContent__1njb2f fixed"
    loop=""
    muted=""
    pip="false"
    playsinline=""
    preload="auto"
  >
    <source
      class="videoSource__1njb2f"
      src="https://example.org/video.mp4"
    />
  </video>
</div>
`;

exports[`CoverLayer hydration should hydrate video 2`] = `
<div>
  <style>
      .videoContent__1njb2f {  top: 0;  left: 0;  pointer-events: none;  object-fit: cover;  object-position: top center;  }  .videoContent__1njb2f::-webkit-media-controls {  display: none;  }
  </style>
  <video
    aria-hidden="true"
    autoplay=""
    class="videoContent__1njb2f fixed"
    loop=""
    muted=""
    pip="false"
    playsinline=""
    preload="auto"
  >
    <source
      class="videoSource__1njb2f"
      src="https://example.org/video.mp4"
    />
  </video>
</div>
`;
