// Jest Snapshot v1, https://goo.gl/fbAQLP

exports[`Menu plain should render menu with 2 options 1`] = `"<div class=\\"gnc-notifications-item__menu \\"><div class=\\"gnc-notifications-item__menu-kebab \\"><svg xmlns=\\"http://www.w3.org/2000/svg\\" width=\\"24\\" height=\\"24\\" fill=\\"none\\"><path fill=\\"#000\\" fill-rule=\\"evenodd\\" d=\\"M12 6.75a1.75 1.75 0 100-3.5 1.75 1.75 0 000 3.5zm0 14a1.75 1.75 0 100-3.5 1.75 1.75 0 000 3.5zM13.75 12a1.75 1.75 0 11-3.5 0 1.75 1.75 0 013.5 0z\\" clip-rule=\\"evenodd\\"></path></svg></div><div class=\\"gnc-notifications-item__popup\\"><div class=\\"gnc-notifications-item__popup-option \\">Прочитать все</div><div class=\\"gnc-notifications-item__popup-option \\">Настройки</div></div></div>"`;

exports[`Menu plain should render menu with 2 options and visible kebab 1`] = `"<div class=\\"gnc-notifications-item__menu \\"><div class=\\"gnc-notifications-item__menu-kebab  gnc-notifications-item__menu-kebab_visible\\"><svg xmlns=\\"http://www.w3.org/2000/svg\\" width=\\"24\\" height=\\"24\\" fill=\\"none\\"><path fill=\\"#000\\" fill-rule=\\"evenodd\\" d=\\"M12 6.75a1.75 1.75 0 100-3.5 1.75 1.75 0 000 3.5zm0 14a1.75 1.75 0 100-3.5 1.75 1.75 0 000 3.5zM13.75 12a1.75 1.75 0 11-3.5 0 1.75 1.75 0 013.5 0z\\" clip-rule=\\"evenodd\\"></path></svg></div><div class=\\"gnc-notifications-item__popup\\"><div class=\\"gnc-notifications-item__popup-option \\">Прочитать все</div><div class=\\"gnc-notifications-item__popup-option \\">Настройки</div></div></div>"`;

exports[`Menu popup should have _visible class if popupVisible 1`] = `"<div class=\\"gnc-notifications-item__popup gnc-notifications-item__popup_visible\\"><div class=\\"gnc-notifications-item__popup-option \\">Прочитать все</div><div class=\\"gnc-notifications-item__popup-option \\">Настройки</div></div>"`;
