// Jest Snapshot v1, https://goo.gl/fbAQLP

exports[`src/components/editor touch editor should mount TouchEditor for touch devices 1`] = `
<div
  class="note-editor"
  data-placeholder="Текст"
>
  <div
    class="note-editor__editor-wrapper"
  >
    <div
      class="touch-editor__content"
      contenteditable="true"
    />
  </div>
</div>
`;
