// Jest Snapshot v1, https://goo.gl/fbAQLP

exports[`LazyVideo component should pass visibility props and video props 1`] = `

<video class="video-object"
       autoplay
       playsinline
       loop
       muted
       controls
       preload="auto"
>
  <source src="https://streaming.video.yandex.ru/get/yndx-video/m-69033-1690643b9c3-c491e9a08b6caf39/480p.mp4"
          type="video/mp4"
  >
  <source src="https://streaming.video.yandex.ru/get/yndx-video/m-69033-1690643b9c3-c491e9a08b6caf39/480p.webm"
          type="video/webm"
  >
</video>

`;
