// Jest Snapshot v1, https://goo.gl/fbAQLP

exports[`LazyIframe component should pass visibility props and iframe props 1`] = `

<iframe class="video-object"
        frameborder="no"
        scrolling="no"
        allowfullscreen
        src="https://www.youtube.com/embed/jiOe-Ar8KOk"
>
</iframe>

`;
