// Jest Snapshot v1, https://goo.gl/fbAQLP

exports[`отвечает количеством 1`] = `
Object {
  "newslettersCount": 3,
}
`;

exports[`отвечает полностью 1`] = `
Object {
  "newsletters": Array [
    Object {
      "displayName": "foo",
      "email": "foo@example.com",
      "readFrequency": 0.1,
      "type": "0",
    },
    Object {
      "displayName": "foo2",
      "email": "foo2@example.com",
      "readFrequency": 0.3,
      "type": "13",
    },
    Object {
      "displayName": "foo3",
      "email": "foo3@example.com",
      "readFrequency": 0,
      "type": "14",
    },
  ],
  "newslettersCount": 3,
}
`;
