// Jest Snapshot v1, https://goo.gl/fbAQLP

exports[`parseAttachments happy path 1`] = `
Array [
  Object {
    "hash": "EjZ4FGXaLSBe1tcmkADi4Xo2lrIShK8Q0IotUKszExw=",
    "hid": "1.2.1",
    "isDisk": true,
  },
  Object {
    "hash": "qQXFb1ebF4xduF8VfBZ8fXEfg60sHip7NWnVVaHObXA=",
    "hid": "1.2.2",
    "isDisk": true,
  },
  Object {
    "hash": "https://yadi.sk/trololo",
    "hid": "1.2.3",
    "isDisk": true,
  },
  Object {
    "hid": "1.3",
    "isDisk": false,
    "isInline": false,
    "name": "Group 2.png",
  },
]
`;
