// Jest Snapshot v1, https://goo.gl/fbAQLP

exports[`идет в сервис scan с правильными опциями 1`] = `
Array [
  "http://scan",
  Object {
    "body": Object {
      "foo": "bar",
    },
    "json": true,
    "logPostArgs": false,
    "method": "POST",
    "query": Object {
      "cbird": 35,
      "type": "json",
    },
  },
]
`;
